// Jest Snapshot v1, https://goo.gl/fbAQLP

exports[`creates a snapshot and matches snapshot on subsequent calls 1`] = `
<div>
  <form>
    <input
      name="username"
      placeholder="username"
      type="text"
    />
    <input
      name="password"
      placeholder="password"
      type="password"
    />
    <input
      type="submit"
    />
  </form>
</div>
`;
